=================================
Test for module `3-say_my_name.py`
=================================

Usage

'Function to test:   say_my_name()'

>>> say_my_name = __import__('3-say_my_name').say_my_name

'two strings'
>>> say_my_name("Abigail", "Aleman")
My name is Abigail Aleman

'first_name string, last_name not string'
>>> say_my_name("Abigail", 10)
Traceback (most recent call last):
...
TypeError: last_name must be a string

'first_name not string, last_name string'
>>> say_my_name(1, "Aleman")
Traceback (most recent call last):
...
TypeError: first_name must be a string

'missing two arguments'
>>> say_my_name()
Traceback (most recent call last):
...
TypeError: say_my_name() missing 1 required positional argument: 'first_name'
