==============================
doctest for 7-base_geometry.py
==============================

'Test for 7-base_geometry.py'

'Function to test:   integer_validator()'

>>> BaseGeometry = __import__("7-base_geometry").BaseGeometry

'string and int'
>>> bg = BaseGeometry()
>>> bg.integer_validator("int", 10)

'area()'
>>> bg = BaseGeometry()
>>> bg.area()
Traceback (most recent call last):
...
Exception: area() is not implemented

